[2m2025-12-25T19:30:26.653884Z[0m [32m INFO[0m [2mniri[0m[2m:[0m starting version 25.08 (v25.08-115-ga5114c33-modified)
[2m2025-12-25T19:30:26.823025Z[0m [34mDEBUG[0m [2mniri_config[0m[2m:[0m loaded config from "/home/pablo/.config/niri/config.kdl"
[2m2025-12-25T19:30:26.826595Z[0m [34mDEBUG[0m [2msmithay::backend::session::libseat[0m[2m:[0m Enable callback called
[2m2025-12-25T19:30:26.834048Z[0m [34mDEBUG[0m [1mbackend_session[0m:[1mopen[0m: [2msmithay::backend::session::libseat[0m[2m:[0m Opening device: "/dev/input/event3" [2m[3mtype[0m[2m=[0m"libseat"[0m [2m[3mpath[0m[2m=[0m"/dev/input/event3" [3m_flags[0m[2m=[0mOFlags(NONBLOCK | RDWR | CLOEXEC)[0m
[2m2025-12-25T19:30:26.835995Z[0m [34mDEBUG[0m [1mbackend_session[0m:[1mopen[0m: [2msmithay::backend::session::libseat[0m[2m:[0m Opening device: "/dev/input/event0" [2m[3mtype[0m[2m=[0m"libseat"[0m [2m[3mpath[0m[2m=[0m"/dev/input/event0" [3m_flags[0m[2m=[0mOFlags(NONBLOCK | RDWR | CLOEXEC)[0m
[2m2025-12-25T19:30:26.836918Z[0m [34mDEBUG[0m [1mbackend_session[0m:[1mopen[0m: [2msmithay::backend::session::libseat[0m[2m:[0m Opening device: "/dev/input/event1" [2m[3mtype[0m[2m=[0m"libseat"[0m [2m[3mpath[0m[2m=[0m"/dev/input/event1" [3m_flags[0m[2m=[0mOFlags(NONBLOCK | RDWR | CLOEXEC)[0m
[2m2025-12-25T19:30:26.837761Z[0m [34mDEBUG[0m [1mbackend_session[0m:[1mopen[0m: [2msmithay::backend::session::libseat[0m[2m:[0m Opening device: "/dev/input/event8" [2m[3mtype[0m[2m=[0m"libseat"[0m [2m[3mpath[0m[2m=[0m"/dev/input/event8" [3m_flags[0m[2m=[0mOFlags(NONBLOCK | RDWR | CLOEXEC)[0m
[2m2025-12-25T19:30:26.838581Z[0m [34mDEBUG[0m [1mbackend_session[0m:[1mclose[0m: [2msmithay::backend::session::libseat[0m[2m:[0m Closing device: OwnedFd { fd: 22 } [2m[3mtype[0m[2m=[0m"libseat"[0m [2m[3mfd[0m[2m=[0mOwnedFd { fd: 22 }[0m
[2m2025-12-25T19:30:26.838994Z[0m [34mDEBUG[0m [1mbackend_session[0m:[1mopen[0m: [2msmithay::backend::session::libseat[0m[2m:[0m Opening device: "/dev/input/event9" [2m[3mtype[0m[2m=[0m"libseat"[0m [2m[3mpath[0m[2m=[0m"/dev/input/event9" [3m_flags[0m[2m=[0mOFlags(NONBLOCK | RDWR | CLOEXEC)[0m
[2m2025-12-25T19:30:26.839747Z[0m [34mDEBUG[0m [1mbackend_session[0m:[1mclose[0m: [2msmithay::backend::session::libseat[0m[2m:[0m Closing device: OwnedFd { fd: 22 } [2m[3mtype[0m[2m=[0m"libseat"[0m [2m[3mfd[0m[2m=[0mOwnedFd { fd: 22 }[0m
[2m2025-12-25T19:30:26.840091Z[0m [34mDEBUG[0m [1mbackend_session[0m:[1mopen[0m: [2msmithay::backend::session::libseat[0m[2m:[0m Opening device: "/dev/input/event10" [2m[3mtype[0m[2m=[0m"libseat"[0m [2m[3mpath[0m[2m=[0m"/dev/input/event10" [3m_flags[0m[2m=[0mOFlags(NONBLOCK | RDWR | CLOEXEC)[0m
[2m2025-12-25T19:30:26.841070Z[0m [34mDEBUG[0m [1mbackend_session[0m:[1mclose[0m: [2msmithay::backend::session::libseat[0m[2m:[0m Closing device: OwnedFd { fd: 22 } [2m[3mtype[0m[2m=[0m"libseat"[0m [2m[3mfd[0m[2m=[0mOwnedFd { fd: 22 }[0m
[2m2025-12-25T19:30:26.841375Z[0m [34mDEBUG[0m [1mbackend_session[0m:[1mopen[0m: [2msmithay::backend::session::libseat[0m[2m:[0m Opening device: "/dev/input/event11" [2m[3mtype[0m[2m=[0m"libseat"[0m [2m[3mpath[0m[2m=[0m"/dev/input/event11" [3m_flags[0m[2m=[0mOFlags(NONBLOCK | RDWR | CLOEXEC)[0m
[2m2025-12-25T19:30:26.842109Z[0m [34mDEBUG[0m [1mbackend_session[0m:[1mclose[0m: [2msmithay::backend::session::libseat[0m[2m:[0m Closing device: OwnedFd { fd: 22 } [2m[3mtype[0m[2m=[0m"libseat"[0m [2m[3mfd[0m[2m=[0mOwnedFd { fd: 22 }[0m
[2m2025-12-25T19:30:26.842411Z[0m [34mDEBUG[0m [1mbackend_session[0m:[1mopen[0m: [2msmithay::backend::session::libseat[0m[2m:[0m Opening device: "/dev/input/event7" [2m[3mtype[0m[2m=[0m"libseat"[0m [2m[3mpath[0m[2m=[0m"/dev/input/event7" [3m_flags[0m[2m=[0mOFlags(NONBLOCK | RDWR | CLOEXEC)[0m
[2m2025-12-25T19:30:26.843218Z[0m [34mDEBUG[0m [1mbackend_session[0m:[1mopen[0m: [2msmithay::backend::session::libseat[0m[2m:[0m Opening device: "/dev/input/event4" [2m[3mtype[0m[2m=[0m"libseat"[0m [2m[3mpath[0m[2m=[0m"/dev/input/event4" [3m_flags[0m[2m=[0mOFlags(NONBLOCK | RDWR | CLOEXEC)[0m
[2m2025-12-25T19:30:26.844575Z[0m [34mDEBUG[0m [1mbackend_session[0m:[1mopen[0m: [2msmithay::backend::session::libseat[0m[2m:[0m Opening device: "/dev/input/event5" [2m[3mtype[0m[2m=[0m"libseat"[0m [2m[3mpath[0m[2m=[0m"/dev/input/event5" [3m_flags[0m[2m=[0mOFlags(NONBLOCK | RDWR | CLOEXEC)[0m
[2m2025-12-25T19:30:26.846507Z[0m [34mDEBUG[0m [1mbackend_session[0m:[1mopen[0m: [2msmithay::backend::session::libseat[0m[2m:[0m Opening device: "/dev/input/event2" [2m[3mtype[0m[2m=[0m"libseat"[0m [2m[3mpath[0m[2m=[0m"/dev/input/event2" [3m_flags[0m[2m=[0mOFlags(NONBLOCK | RDWR | CLOEXEC)[0m
[2m2025-12-25T19:30:26.847688Z[0m [34mDEBUG[0m [1mbackend_session[0m:[1mopen[0m: [2msmithay::backend::session::libseat[0m[2m:[0m Opening device: "/dev/input/event6" [2m[3mtype[0m[2m=[0m"libseat"[0m [2m[3mpath[0m[2m=[0m"/dev/input/event6" [3m_flags[0m[2m=[0mOFlags(NONBLOCK | RDWR | CLOEXEC)[0m
[2m2025-12-25T19:30:26.848287Z[0m [34mDEBUG[0m [1mbackend_session[0m:[1mclose[0m: [2msmithay::backend::session::libseat[0m[2m:[0m Closing device: OwnedFd { fd: 26 } [2m[3mtype[0m[2m=[0m"libseat"[0m [2m[3mfd[0m[2m=[0mOwnedFd { fd: 26 }[0m
[2m2025-12-25T19:30:26.848607Z[0m [32m INFO[0m [1mbackend_libinput[0m: [2msmithay::backend::libinput[0m[2m:[0m Initializing a libinput backend
[2m2025-12-25T19:30:26.849945Z[0m [32m INFO[0m [2mniri::backend::tty[0m[2m:[0m using as the render node: "/dev/dri/renderD128"
[2m2025-12-25T19:30:26.850522Z[0m [32m INFO[0m [1minput_seat[0m:[1madd_keyboard[0m:[1minput_keyboard[0m: [2msmithay::input::keyboard[0m[2m:[0m Initializing a xkbcommon handler with keymap query [2m[3mname[0m[2m=[0m"seat0"[0m [2m[3mxkb_config[0m[2m=[0mXkbConfig { rules: "", model: "", layout: "", variant: "", options: None } [3mrepeat_delay[0m[2m=[0m600 [3mrepeat_rate[0m[2m=[0m25[0m
[2m2025-12-25T19:30:26.852234Z[0m [32m INFO[0m [1minput_seat[0m:[1madd_keyboard[0m:[1minput_keyboard[0m: [2msmithay::input::keyboard[0m[2m:[0m Loaded Keymap [3mname[0m[2m=[0m"English (US)" [2m[3mname[0m[2m=[0m"seat0"[0m [2m[3mxkb_config[0m[2m=[0mXkbConfig { rules: "", model: "", layout: "", variant: "", options: None } [3mrepeat_delay[0m[2m=[0m600 [3mrepeat_rate[0m[2m=[0m25[0m
[2m2025-12-25T19:30:26.876349Z[0m [32m INFO[0m [2msmithay::wayland::socket[0m[2m:[0m Created new socket [3mname[0m[2m=[0mSome("wayland-1")
[2m2025-12-25T19:30:26.876810Z[0m [34mDEBUG[0m [2mniri::backend::tty[0m[2m:[0m device added: 57857 "/dev/dri/card1"
[2m2025-12-25T19:30:26.876887Z[0m [34mDEBUG[0m [1mbackend_session[0m:[1mopen[0m: [2msmithay::backend::session::libseat[0m[2m:[0m Opening device: "/dev/dri/card1" [2m[3mtype[0m[2m=[0m"libseat"[0m [2m[3mpath[0m[2m=[0m"/dev/dri/card1" [3m_flags[0m[2m=[0mOFlags(NONBLOCK | RDWR | NOCTTY | CLOEXEC)[0m
[2m2025-12-25T19:30:26.880368Z[0m [33m WARN[0m [2msmithay::backend::drm::device::fd[0m[2m:[0m Unable to become drm master, assuming unprivileged mode
[2m2025-12-25T19:30:26.880436Z[0m [32m INFO[0m [1mdrm_device[0m: [2msmithay::backend::drm::device[0m[2m:[0m DrmDevice initializing [2m[3mdevice[0m[2m=[0mSome("/dev/dri/card1")[0m
[2m2025-12-25T19:30:26.881744Z[0m [34mDEBUG[0m [1mdrm_device[0m:[1mdrm_atomic[0m: [2msmithay::backend::drm::device::atomic[0m[2m:[0m Resetting drm device to known state [2m[3mdevice[0m[2m=[0mSome("/dev/dri/card1")[0m
[2m2025-12-25T19:30:27.057042Z[0m [34mDEBUG[0m [2msmithay::backend::egl::display[0m[2m:[0m Supported EGL client extensions: ["EGL_EXT_device_base", "EGL_EXT_device_enumeration", "EGL_EXT_device_query", "EGL_EXT_platform_base", "EGL_KHR_client_get_all_proc_addresses", "EGL_EXT_client_extensions", "EGL_KHR_debug", "EGL_EXT_platform_device", "EGL_EXT_explicit_device", "EGL_EXT_platform_wayland", "EGL_KHR_platform_wayland", "EGL_EXT_platform_x11", "EGL_KHR_platform_x11", "EGL_EXT_platform_xcb", "EGL_MESA_platform_gbm", "EGL_KHR_platform_gbm", "EGL_MESA_platform_surfaceless"]
[2m2025-12-25T19:30:27.057137Z[0m [34mDEBUG[0m [2msmithay::backend::egl::display[0m[2m:[0m Trying EGL platform: PLATFORM_GBM_KHR
[2m2025-12-25T19:30:27.057178Z[0m [32m INFO[0m [2msmithay::backend::egl::display[0m[2m:[0m Successfully selected EGL platform: PLATFORM_GBM_KHR
[2m2025-12-25T19:30:27.058186Z[0m [32m INFO[0m [2msmithay::backend::egl::display[0m[2m:[0m EGL Initialized
[2m2025-12-25T19:30:27.058198Z[0m [32m INFO[0m [2msmithay::backend::egl::display[0m[2m:[0m EGL Version: (1, 5)
[2m2025-12-25T19:30:27.058223Z[0m [32m INFO[0m [2msmithay::backend::egl::display[0m[2m:[0m Supported EGL display extensions: ["EGL_ANDROID_blob_cache", "EGL_ANDROID_native_fence_sync", "EGL_EXT_buffer_age", "EGL_EXT_config_select_group", "EGL_EXT_create_context_robustness", "EGL_EXT_image_dma_buf_import", "EGL_EXT_image_dma_buf_import_modifiers", "EGL_EXT_protected_surface", "EGL_EXT_query_reset_notification_strategy", "EGL_EXT_surface_compression", "EGL_IMG_context_priority", "EGL_KHR_cl_event2", "EGL_KHR_config_attribs", "EGL_KHR_context_flush_control", "EGL_KHR_create_context", "EGL_KHR_create_context_no_error", "EGL_KHR_fence_sync", "EGL_KHR_get_all_proc_addresses", "EGL_KHR_gl_colorspace", "EGL_KHR_gl_renderbuffer_image", "EGL_KHR_gl_texture_2D_image", "EGL_KHR_gl_texture_3D_image", "EGL_KHR_gl_texture_cubemap_image", "EGL_KHR_image", "EGL_KHR_image_base", "EGL_KHR_image_pixmap", "EGL_KHR_no_config_context", "EGL_KHR_reusable_sync", "EGL_KHR_surfaceless_context", "EGL_EXT_pixel_format_float", "EGL_KHR_wait_sync", "EGL_MESA_configless_context", "EGL_MESA_drm_image", "EGL_MESA_gl_interop", "EGL_MESA_image_dma_buf_export", "EGL_MESA_query_driver", "EGL_MESA_x11_native_visual_id", "EGL_WL_bind_wayland_display", ""]
[2m2025-12-25T19:30:27.058834Z[0m [34mDEBUG[0m [2msmithay::backend::egl::display[0m[2m:[0m Supported EGL client extensions: ["EGL_EXT_device_base", "EGL_EXT_device_enumeration", "EGL_EXT_device_query", "EGL_EXT_platform_base", "EGL_KHR_client_get_all_proc_addresses", "EGL_EXT_client_extensions", "EGL_KHR_debug", "EGL_EXT_platform_device", "EGL_EXT_explicit_device", "EGL_EXT_platform_wayland", "EGL_KHR_platform_wayland", "EGL_EXT_platform_x11", "EGL_KHR_platform_x11", "EGL_EXT_platform_xcb", "EGL_MESA_platform_gbm", "EGL_KHR_platform_gbm", "EGL_MESA_platform_surfaceless"]
[2m2025-12-25T19:30:27.058854Z[0m [34mDEBUG[0m [2msmithay::backend::egl::display[0m[2m:[0m Trying EGL platform: PLATFORM_GBM_KHR
[2m2025-12-25T19:30:27.058862Z[0m [32m INFO[0m [2msmithay::backend::egl::display[0m[2m:[0m Successfully selected EGL platform: PLATFORM_GBM_KHR
[2m2025-12-25T19:30:27.059049Z[0m [32m INFO[0m [2msmithay::backend::egl::display[0m[2m:[0m EGL Initialized
[2m2025-12-25T19:30:27.059056Z[0m [32m INFO[0m [2msmithay::backend::egl::display[0m[2m:[0m EGL Version: (1, 5)
[2m2025-12-25T19:30:27.059070Z[0m [32m INFO[0m [2msmithay::backend::egl::display[0m[2m:[0m Supported EGL display extensions: ["EGL_ANDROID_blob_cache", "EGL_ANDROID_native_fence_sync", "EGL_EXT_buffer_age", "EGL_EXT_config_select_group", "EGL_EXT_create_context_robustness", "EGL_EXT_image_dma_buf_import", "EGL_EXT_image_dma_buf_import_modifiers", "EGL_EXT_protected_surface", "EGL_EXT_query_reset_notification_strategy", "EGL_EXT_surface_compression", "EGL_IMG_context_priority", "EGL_KHR_cl_event2", "EGL_KHR_config_attribs", "EGL_KHR_context_flush_control", "EGL_KHR_create_context", "EGL_KHR_create_context_no_error", "EGL_KHR_fence_sync", "EGL_KHR_get_all_proc_addresses", "EGL_KHR_gl_colorspace", "EGL_KHR_gl_renderbuffer_image", "EGL_KHR_gl_texture_2D_image", "EGL_KHR_gl_texture_3D_image", "EGL_KHR_gl_texture_cubemap_image", "EGL_KHR_image", "EGL_KHR_image_base", "EGL_KHR_image_pixmap", "EGL_KHR_no_config_context", "EGL_KHR_reusable_sync", "EGL_KHR_surfaceless_context", "EGL_EXT_pixel_format_float", "EGL_KHR_wait_sync", "EGL_MESA_configless_context", "EGL_MESA_drm_image", "EGL_MESA_gl_interop", "EGL_MESA_image_dma_buf_export", "EGL_MESA_query_driver", "EGL_MESA_x11_native_visual_id", "EGL_WL_bind_wayland_display", ""]
[2m2025-12-25T19:30:27.059444Z[0m [34mDEBUG[0m [2mniri::backend::tty[0m[2m:[0m this is the primary node
[2m2025-12-25T19:30:27.059457Z[0m [34mDEBUG[0m [2mniri::backend::tty[0m[2m:[0m this is the primary render node
[2m2025-12-25T19:30:27.061431Z[0m [32m INFO[0m [1megl[0m:[1megl_context[0m: [2msmithay::backend::egl::context[0m[2m:[0m EGL context created [3mpriority[0m[2m=[0mSome(High) [2m[3mnative[0m[2m=[0m"/dev/dri/card1" [3mplatform[0m[2m=[0m"PLATFORM_GBM_KHR" [3mversion[0m[2m=[0m(1, 5)[0m [2m[3mptr[0m[2m=[0m94848999891008[0m
[2m2025-12-25T19:30:27.062298Z[0m [34mDEBUG[0m [2msmithay::backend::renderer::gles[0m[2m:[0m Instancing is supported
[2m2025-12-25T19:30:27.062312Z[0m [34mDEBUG[0m [2msmithay::backend::renderer::gles[0m[2m:[0m Rgba8 Renderbuffers are supported
[2m2025-12-25T19:30:27.062320Z[0m [34mDEBUG[0m [2msmithay::backend::renderer::gles[0m[2m:[0m Blitting is supported
[2m2025-12-25T19:30:27.062327Z[0m [34mDEBUG[0m [2msmithay::backend::renderer::gles[0m[2m:[0m 10-bit formats are supported
[2m2025-12-25T19:30:27.062334Z[0m [34mDEBUG[0m [2msmithay::backend::renderer::gles[0m[2m:[0m Fencing is supported
[2m2025-12-25T19:30:27.062343Z[0m [34mDEBUG[0m [2msmithay::backend::renderer::gles[0m[2m:[0m EGL Fencing is supported
[2m2025-12-25T19:30:27.062350Z[0m [34mDEBUG[0m [2msmithay::backend::renderer::gles[0m[2m:[0m GL Debug is supported
[2m2025-12-25T19:30:27.062555Z[0m [34mDEBUG[0m [1megl[0m:[1megl_context[0m:[1mrenderer_gles2[0m: [2msmithay::backend::renderer::gles[0m[2m:[0m Instancing is supported [2m[3mnative[0m[2m=[0m"/dev/dri/card1" [3mplatform[0m[2m=[0m"PLATFORM_GBM_KHR" [3mversion[0m[2m=[0m(1, 5)[0m [2m[3mptr[0m[2m=[0m94848999891008[0m
[2m2025-12-25T19:30:27.062570Z[0m [34mDEBUG[0m [1megl[0m:[1megl_context[0m:[1mrenderer_gles2[0m: [2msmithay::backend::renderer::gles[0m[2m:[0m Rgba8 Renderbuffers are supported [2m[3mnative[0m[2m=[0m"/dev/dri/card1" [3mplatform[0m[2m=[0m"PLATFORM_GBM_KHR" [3mversion[0m[2m=[0m(1, 5)[0m [2m[3mptr[0m[2m=[0m94848999891008[0m
[2m2025-12-25T19:30:27.062580Z[0m [34mDEBUG[0m [1megl[0m:[1megl_context[0m:[1mrenderer_gles2[0m: [2msmithay::backend::renderer::gles[0m[2m:[0m Blitting is supported [2m[3mnative[0m[2m=[0m"/dev/dri/card1" [3mplatform[0m[2m=[0m"PLATFORM_GBM_KHR" [3mversion[0m[2m=[0m(1, 5)[0m [2m[3mptr[0m[2m=[0m94848999891008[0m
[2m2025-12-25T19:30:27.062590Z[0m [34mDEBUG[0m [1megl[0m:[1megl_context[0m:[1mrenderer_gles2[0m: [2msmithay::backend::renderer::gles[0m[2m:[0m 10-bit formats are supported [2m[3mnative[0m[2m=[0m"/dev/dri/card1" [3mplatform[0m[2m=[0m"PLATFORM_GBM_KHR" [3mversion[0m[2m=[0m(1, 5)[0m [2m[3mptr[0m[2m=[0m94848999891008[0m
[2m2025-12-25T19:30:27.062599Z[0m [34mDEBUG[0m [1megl[0m:[1megl_context[0m:[1mrenderer_gles2[0m: [2msmithay::backend::renderer::gles[0m[2m:[0m Fencing is supported [2m[3mnative[0m[2m=[0m"/dev/dri/card1" [3mplatform[0m[2m=[0m"PLATFORM_GBM_KHR" [3mversion[0m[2m=[0m(1, 5)[0m [2m[3mptr[0m[2m=[0m94848999891008[0m
[2m2025-12-25T19:30:27.062610Z[0m [34mDEBUG[0m [1megl[0m:[1megl_context[0m:[1mrenderer_gles2[0m: [2msmithay::backend::renderer::gles[0m[2m:[0m EGL Fencing is supported [2m[3mnative[0m[2m=[0m"/dev/dri/card1" [3mplatform[0m[2m=[0m"PLATFORM_GBM_KHR" [3mversion[0m[2m=[0m(1, 5)[0m [2m[3mptr[0m[2m=[0m94848999891008[0m
[2m2025-12-25T19:30:27.062620Z[0m [34mDEBUG[0m [1megl[0m:[1megl_context[0m:[1mrenderer_gles2[0m: [2msmithay::backend::renderer::gles[0m[2m:[0m GL Debug is supported [2m[3mnative[0m[2m=[0m"/dev/dri/card1" [3mplatform[0m[2m=[0m"PLATFORM_GBM_KHR" [3mversion[0m[2m=[0m(1, 5)[0m [2m[3mptr[0m[2m=[0m94848999891008[0m
[2m2025-12-25T19:30:27.062764Z[0m [32m INFO[0m [1megl[0m:[1megl_context[0m:[1mrenderer_gles2[0m: [2msmithay::backend::renderer::gles[0m[2m:[0m Initializing OpenGL ES Renderer [2m[3mnative[0m[2m=[0m"/dev/dri/card1" [3mplatform[0m[2m=[0m"PLATFORM_GBM_KHR" [3mversion[0m[2m=[0m(1, 5)[0m [2m[3mptr[0m[2m=[0m94848999891008[0m
[2m2025-12-25T19:30:27.062782Z[0m [32m INFO[0m [1megl[0m:[1megl_context[0m:[1mrenderer_gles2[0m: [2msmithay::backend::renderer::gles[0m[2m:[0m GL Version: "OpenGL ES 3.2 Mesa 25.0.7" [2m[3mnative[0m[2m=[0m"/dev/dri/card1" [3mplatform[0m[2m=[0m"PLATFORM_GBM_KHR" [3mversion[0m[2m=[0m(1, 5)[0m [2m[3mptr[0m[2m=[0m94848999891008[0m
[2m2025-12-25T19:30:27.062795Z[0m [32m INFO[0m [1megl[0m:[1megl_context[0m:[1mrenderer_gles2[0m: [2msmithay::backend::renderer::gles[0m[2m:[0m GL Vendor: "AMD" [2m[3mnative[0m[2m=[0m"/dev/dri/card1" [3mplatform[0m[2m=[0m"PLATFORM_GBM_KHR" [3mversion[0m[2m=[0m(1, 5)[0m [2m[3mptr[0m[2m=[0m94848999891008[0m
[2m2025-12-25T19:30:27.062805Z[0m [32m INFO[0m [1megl[0m:[1megl_context[0m:[1mrenderer_gles2[0m: [2msmithay::backend::renderer::gles[0m[2m:[0m GL Renderer: "AMD Radeon Graphics (radeonsi, phoenix, LLVM 19.1.7, DRM 3.61, 6.13.8-200.fc41.x86_64)" [2m[3mnative[0m[2m=[0m"/dev/dri/card1" [3mplatform[0m[2m=[0m"PLATFORM_GBM_KHR" [3mversion[0m[2m=[0m(1, 5)[0m [2m[3mptr[0m[2m=[0m94848999891008[0m
[2m2025-12-25T19:30:27.062818Z[0m [32m INFO[0m [1megl[0m:[1megl_context[0m:[1mrenderer_gles2[0m: [2msmithay::backend::renderer::gles[0m[2m:[0m Supported GL Extensions: ["GL_EXT_blend_minmax", "GL_EXT_multi_draw_arrays", "GL_EXT_texture_filter_anisotropic", "GL_EXT_texture_compression_s3tc", "GL_EXT_texture_compression_dxt1", "GL_EXT_texture_compression_rgtc", "GL_EXT_texture_format_BGRA8888", "GL_OES_compressed_ETC1_RGB8_texture", "GL_OES_depth24", "GL_OES_element_index_uint", "GL_OES_fbo_render_mipmap", "GL_OES_mapbuffer", "GL_OES_rgb8_rgba8", "GL_OES_standard_derivatives", "GL_OES_stencil8", "GL_OES_texture_3D", "GL_OES_texture_float", "GL_OES_texture_float_linear", "GL_OES_texture_half_float", "GL_OES_texture_half_float_linear", "GL_OES_texture_npot", "GL_OES_vertex_half_float", "GL_EXT_draw_instanced", "GL_EXT_texture_sRGB_decode", "GL_OES_EGL_image", "GL_OES_depth_texture", "GL_OES_packed_depth_stencil", "GL_EXT_texture_type_2_10_10_10_REV", "GL_NV_conditional_render", "GL_OES_get_program_binary", "GL_APPLE_texture_max_level", "GL_EXT_discard_framebuffer", "GL_EXT_read_format_bgra", "GL_EXT_texture_storage", "GL_NV_pack_subimage", "GL_NV_texture_barrier", "GL_EXT_frag_depth", "GL_NV_fbo_color_attachments", "GL_OES_EGL_image_external", "GL_OES_EGL_sync", "GL_OES_vertex_array_object", "GL_OES_viewport_array", "GL_ANGLE_pack_reverse_row_order", "GL_ANGLE_texture_compression_dxt3", "GL_ANGLE_texture_compression_dxt5", "GL_EXT_occlusion_query_boolean", "GL_EXT_robustness", "GL_EXT_texture_rg", "GL_EXT_unpack_subimage", "GL_NV_draw_buffers", "GL_NV_read_buffer", "GL_NV_read_depth", "GL_NV_read_depth_stencil", "GL_NV_read_stencil", "GL_APPLE_sync", "GL_EXT_draw_buffers", "GL_EXT_instanced_arrays", "GL_EXT_map_buffer_range", "GL_EXT_shadow_samplers", "GL_KHR_debug", "GL_KHR_robustness", "GL_KHR_texture_compression_astc_ldr", "GL_NV_generate_mipmap_sRGB", "GL_NV_pixel_buffer_object", "GL_OES_depth_texture_cube_map", "GL_OES_required_internalformat", "GL_OES_surfaceless_context", "GL_EXT_color_buffer_float", "GL_EXT_debug_label", "GL_EXT_sRGB_write_control", "GL_EXT_separate_shader_objects", "GL_EXT_shader_group_vote", "GL_EXT_shader_implicit_conversions", "GL_EXT_shader_integer_mix", "GL_EXT_tessellation_point_size", "GL_EXT_tessellation_shader", "GL_ANDROID_extension_pack_es31a", "GL_EXT_base_instance", "GL_EXT_compressed_ETC1_RGB8_sub_texture", "GL_EXT_copy_image", "GL_EXT_draw_buffers_indexed", "GL_EXT_draw_elements_base_vertex", "GL_EXT_gpu_shader5", "GL_EXT_multi_draw_indirect", "GL_EXT_polygon_offset_clamp", "GL_EXT_primitive_bounding_box", "GL_EXT_render_snorm", "GL_EXT_shader_io_blocks", "GL_EXT_texture_border_clamp", "GL_EXT_texture_buffer", "GL_EXT_texture_cube_map_array", "GL_EXT_texture_norm16", "GL_EXT_texture_view", "GL_KHR_blend_equation_advanced", "GL_KHR_context_flush_control", "GL_KHR_robust_buffer_access_behavior", "GL_NV_image_formats", "GL_NV_shader_noperspective_interpolation", "GL_OES_copy_image", "GL_OES_draw_buffers_indexed", "GL_OES_draw_elements_base_vertex", "GL_OES_gpu_shader5", "GL_OES_primitive_bounding_box", "GL_OES_sample_shading", "GL_OES_sample_variables", "GL_OES_shader_io_blocks", "GL_OES_shader_multisample_interpolation", "GL_OES_tessellation_point_size", "GL_OES_tessellation_shader", "GL_OES_texture_border_clamp", "GL_OES_texture_buffer", "GL_OES_texture_cube_map_array", "GL_OES_texture_stencil8", "GL_OES_texture_storage_multisample_2d_array", "GL_OES_texture_view", "GL_EXT_blend_func_extended", "GL_EXT_buffer_storage", "GL_EXT_float_blend", "GL_EXT_geometry_point_size", "GL_EXT_geometry_shader", "GL_EXT_texture_filter_minmax", "GL_EXT_texture_sRGB_R8", "GL_EXT_texture_sRGB_RG8", "GL_KHR_no_error", "GL_KHR_texture_compression_astc_sliced_3d", "GL_OES_EGL_image_external_essl3", "GL_OES_geometry_point_size", "GL_OES_geometry_shader", "GL_OES_shader_image_atomic", "GL_EXT_clear_texture", "GL_EXT_clip_cull_distance", "GL_EXT_conservative_depth", "GL_EXT_disjoint_timer_query", "GL_EXT_texture_compression_s3tc_srgb", "GL_EXT_window_rectangles", "GL_MESA_shader_integer_functions", "GL_EXT_clip_control", "GL_EXT_color_buffer_half_float", "GL_EXT_memory_object", "GL_EXT_memory_object_fd", "GL_EXT_semaphore", "GL_EXT_semaphore_fd", "GL_EXT_texture_compression_bptc", "GL_EXT_texture_mirror_clamp_to_edge", "GL_KHR_parallel_shader_compile", "GL_NV_alpha_to_coverage_dither_control", "GL_EXT_EGL_image_storage", "GL_EXT_texture_shadow_lod", "GL_INTEL_blackhole_render", "GL_MESA_framebuffer_flip_y", "GL_NV_compute_shader_derivatives", "GL_EXT_demote_to_helper_invocation", "GL_EXT_depth_clamp", "GL_EXT_texture_query_lod", "GL_KHR_shader_subgroup", "GL_MESA_sampler_objects", "GL_EXT_EGL_image_storage_compression", "GL_EXT_texture_storage_compression", "GL_MESA_bgra", "GL_MESA_texture_const_bandwidth", ""] [2m[3mnative[0m[2m=[0m"/dev/dri/card1" [3mplatform[0m[2m=[0m"PLATFORM_GBM_KHR" [3mversion[0m[2m=[0m(1, 5)[0m [2m[3mptr[0m[2m=[0m94848999891008[0m
[2m2025-12-25T19:30:27.075180Z[0m [34mDEBUG[0m [2mniri::backend::tty[0m[2m:[0m device changed: 57857
[2m2025-12-25T19:30:27.076518Z[0m [34mDEBUG[0m [2mniri::backend::tty[0m[2m:[0m new connector: eDP-1 "InfoVision Optoelectronics (Kunshan) Co.,Ltd China 0x05AB Unknown"
[2m2025-12-25T19:30:27.076606Z[0m [34mDEBUG[0m [2mniri::backend::tty[0m[2m:[0m connecting connector: eDP-1
[2m2025-12-25T19:30:27.076653Z[0m [34mDEBUG[0m [2mniri::backend::tty[0m[2m:[0m picking mode: Mode { name: "2560x1600", clock: 408820, size: (2560, 1600), hsync: (2584, 2632, 2720), vsync: (1639, 1677, 2505), hskew: 0, vscan: 0, vrefresh: 60, mode_type: ModeTypeFlags(PREFERRED | DRIVER) }
[2m2025-12-25T19:30:27.077668Z[0m [32m INFO[0m [1mdrm_device[0m:[1mdrm_atomic[0m:[1mcreate_surface[0m:[1mdrm_atomic[0m: [2msmithay::backend::drm::surface::atomic[0m[2m:[0m Initializing drm surface (crtc::Handle(79):plane::Handle(58)) with mode Mode { name: "2560x1600", clock: 408820, size: (2560, 1600), hsync: (2584, 2632, 2720), vsync: (1639, 1677, 2505), hskew: 0, vscan: 0, vrefresh: 60, mode_type: ModeTypeFlags(PREFERRED | DRIVER) } and connectors [connector::Handle(93)] [2m[3mdevice[0m[2m=[0mSome("/dev/dri/card1")[0m [2m[3mcrtc[0m[2m=[0mcrtc::Handle(79) [3mmode[0m[2m=[0mMode { name: "2560x1600", clock: 408820, size: (2560, 1600), hsync: (2584, 2632, 2720), vsync: (1639, 1677, 2505), hskew: 0, vscan: 0, vrefresh: 60, mode_type: ModeTypeFlags(PREFERRED | DRIVER) } [3mconnectors[0m[2m=[0m[connector::Handle(93)][0m [2m[3mcrtc[0m[2m=[0mcrtc::Handle(79)[0m
[2m2025-12-25T19:30:27.078341Z[0m [32m INFO[0m [1mnew[0m: [2msmithay::output[0m[2m:[0m Creating new Output [3mname[0m[2m=[0m"eDP-1" [2m[3mname[0m[2m=[0m"eDP-1" [3mphysical[0m[2m=[0mPhysicalProperties { size: Size<smithay::utils::geometry::Raw> { w: 310, h: 200 }, subpixel: Unknown, make: "InfoVision Optoelectronics (Kunshan) Co.,Ltd China", model: "0x05AB", serial_number: "Unknown" }[0m
[2m2025-12-25T19:30:27.078727Z[0m [34mDEBUG[0m [1mnew[0m: [2msmithay::backend::drm::compositor[0m[2m:[0m Testing color format: XR24
[2m2025-12-25T19:30:27.078890Z[0m [34mDEBUG[0m [1mnew[0m: [2msmithay::backend::drm::compositor[0m[2m:[0m Remaining intersected modifiers: {Invalid, Unrecognized(144115188348910340), Unrecognized(144115188348713732), Unrecognized(144115188348492548), Linear}
[2m2025-12-25T19:30:27.078931Z[0m [34mDEBUG[0m [1mnew[0m: [2msmithay::backend::drm::compositor[0m[2m:[0m Testing Formats: [DrmFormat { code: DrmFourcc(XR24), modifier: Invalid }, DrmFormat { code: DrmFourcc(XR24), modifier: Unrecognized(144115188348910340) }, DrmFormat { code: DrmFourcc(XR24), modifier: Unrecognized(144115188348713732) }, DrmFormat { code: DrmFourcc(XR24), modifier: Unrecognized(144115188348492548) }, DrmFormat { code: DrmFourcc(XR24), modifier: Linear }]
[2m2025-12-25T19:30:27.081634Z[0m [32m INFO[0m [2msmithay::wayland::output[0m[2m:[0m Creating new wl_output [3moutput[0m[2m=[0m"eDP-1"
[2m2025-12-25T19:30:27.081841Z[0m [34mDEBUG[0m [1mdesktop_space[0m: [2msmithay::desktop::space[0m[2m:[0m Mapping output at Point<smithay::utils::geometry::Logical> { x: 0, y: 0 } [3moutput[0m[2m=[0m"eDP-1" [2m[3mid[0m[2m=[0m0[0m
[2m2025-12-25T19:30:27.081865Z[0m [34mDEBUG[0m [2mniri::niri[0m[2m:[0m putting output eDP-1 at x=0 y=0
[2m2025-12-25T19:30:27.082171Z[0m [32m INFO[0m [2mniri[0m[2m:[0m listening on Wayland socket: wayland-1
[2m2025-12-25T19:30:27.082188Z[0m [32m INFO[0m [2mniri[0m[2m:[0m IPC listening on: /run/user/1000/niri.wayland-1.71598.sock
[2m2025-12-25T19:30:27.082541Z[0m [33m WARN[0m [2mniri::utils::xwayland::satellite[0m[2m:[0m error spawning xwayland-satellite at "xwayland-satellite", disabling integration: No such file or directory (os error 2)
[2m2025-12-25T19:30:27.088916Z[0m [34mDEBUG[0m [2mzbus::proxy[0m[2m:[0m Failed to get owner of org.freedesktop.locale1: org.freedesktop.DBus.Error.NameHasNoOwner: The name does not have an owner
[2m2025-12-25T19:30:27.111616Z[0m [32m INFO[0m [2msmithay::backend::drm::compositor[0m[2m:[0m failed to test cursor plane::Handle(76) state
[2m2025-12-25T19:30:27.131621Z[0m [34mDEBUG[0m [2msmithay::backend::drm::surface::atomic[0m[2m:[0m Preparing Commit [3mcurrent[0m[2m=[0mState { active: false, mode: Mode { name: "", clock: 0, size: (0, 0), hsync: (0, 0, 0), vsync: (0, 0, 0), hskew: 0, vscan: 0, vrefresh: 0, mode_type: ModeTypeFlags(0x0) }, blob: Unknown(0), vrr: false, connectors: {} } [3mpending[0m[2m=[0mState { active: true, mode: Mode { name: "2560x1600", clock: 408820, size: (2560, 1600), hsync: (2584, 2632, 2720), vsync: (1639, 1677, 2505), hskew: 0, vscan: 0, vrefresh: 60, mode_type: ModeTypeFlags(PREFERRED | DRIVER) }, blob: Blob(150), vrr: false, connectors: {connector::Handle(93)} } [3mplanes[0m[2m=[0m[PlaneState { handle: plane::Handle(58), config: Some(PlaneConfig { src: Rectangle<smithay::utils::geometry::Buffer> { x: 0.0, y: 0.0, width: 2560.0, height: 1600.0 }, dst: Rectangle<smithay::utils::geometry::Physical> { x: 0, y: 0, width: 2560, height: 1600 }, transform: Normal, alpha: 1.0, damage_clips: Some(Blob(152)), fb: framebuffer::Handle(151), fence: Some(BorrowedFd { fd: 56 }) }) }, PlaneState { handle: plane::Handle(76), config: None }, PlaneState { handle: plane::Handle(70), config: None }, PlaneState { handle: plane::Handle(64), config: None }]
[2m2025-12-25T19:30:27.131803Z[0m [32m INFO[0m [2msmithay::backend::drm::surface::atomic[0m[2m:[0m Adding connector: EmbeddedDisplayPort
[2m2025-12-25T19:30:27.131824Z[0m [32m INFO[0m [2msmithay::backend::drm::surface::atomic[0m[2m:[0m Setting new mode: "2560x1600"
[2m2025-12-25T19:30:27.132345Z[0m [33m WARN[0m [2msmithay::backend::drm::surface::atomic[0m[2m:[0m Failed to destroy old mode property blob: No such file or directory (os error 2)
[2m2025-12-25T19:30:27.132381Z[0m [34mDEBUG[0m [2msmithay::backend::drm::surface::atomic[0m[2m:[0m Setting screen: AtomicRequest { crtcs: {crtc::Handle(79): {"VRR_ENABLED": Boolean(false), "MODE_ID": Blob(150), "ACTIVE": Boolean(true)}}, connectors: {connector::Handle(93): {"CRTC_ID": CRTC(Some(crtc::Handle(79)))}}, plane: {plane::Handle(58): {"FB_ID": Framebuffer(Some(framebuffer::Handle(151))), "CRTC_Y": SignedRange(0), "CRTC_H": UnsignedRange(1600), "CRTC_W": UnsignedRange(2560), "SRC_W": UnsignedRange(167772160), "SRC_X": UnsignedRange(0), "CRTC_ID": CRTC(Some(crtc::Handle(79))), "SRC_H": UnsignedRange(104857600), "rotation": Bitmask(1), "FB_DAMAGE_CLIPS": Blob(152), "IN_FENCE_FD": SignedRange(56), "SRC_Y": UnsignedRange(0), "CRTC_X": SignedRange(0)}, plane::Handle(70): {"SRC_W": UnsignedRange(0), "SRC_H": UnsignedRange(0), "CRTC_H": UnsignedRange(0), "SRC_X": UnsignedRange(0), "CRTC_X": SignedRange(0), "rotation": Bitmask(1), "CRTC_W": UnsignedRange(0), "CRTC_ID": CRTC(None), "FB_ID": Framebuffer(None), "CRTC_Y": SignedRange(0), "alpha": UnsignedRange(65535), "FB_DAMAGE_CLIPS": Blob(0), "SRC_Y": UnsignedRange(0), "IN_FENCE_FD": SignedRange(-1)}, plane::Handle(76): {"CRTC_H": UnsignedRange(0), "CRTC_ID": CRTC(None), "SRC_Y": UnsignedRange(0), "CRTC_X": SignedRange(0), "CRTC_W": UnsignedRange(0), "IN_FENCE_FD": SignedRange(-1), "SRC_X": UnsignedRange(0), "CRTC_Y": SignedRange(0), "SRC_H": UnsignedRange(0), "FB_ID": Framebuffer(None), "SRC_W": UnsignedRange(0)}, plane::Handle(64): {"SRC_X": UnsignedRange(0), "CRTC_Y": SignedRange(0), "CRTC_W": UnsignedRange(0), "SRC_W": UnsignedRange(0), "rotation": Bitmask(1), "FB_DAMAGE_CLIPS": Blob(0), "CRTC_ID": CRTC(None), "FB_ID": Framebuffer(None), "SRC_H": UnsignedRange(0), "CRTC_X": SignedRange(0), "alpha": UnsignedRange(65535), "IN_FENCE_FD": SignedRange(-1), "CRTC_H": UnsignedRange(0), "SRC_Y": UnsignedRange(0)}} }
[2m2025-12-25T19:30:27.876824Z[0m [32m INFO[0m [1mnew[0m: [2msmithay::output[0m[2m:[0m Creating new Output [3mname[0m[2m=[0m"" [2m[3mname[0m[2m=[0m"" [3mphysical[0m[2m=[0mPhysicalProperties { size: Size<smithay::utils::geometry::Raw> { w: 0, h: 0 }, subpixel: Unknown, make: "", model: "", serial_number: "" }[0m
[2m2025-12-25T19:30:28.878023Z[0m [32m INFO[0m [1mnew[0m: [2msmithay::output[0m[2m:[0m Creating new Output [3mname[0m[2m=[0m"" [2m[3mname[0m[2m=[0m"" [3mphysical[0m[2m=[0mPhysicalProperties { size: Size<smithay::utils::geometry::Raw> { w: 0, h: 0 }, subpixel: Unknown, make: "", model: "", serial_number: "" }[0m
[2m2025-12-25T19:30:29.830540Z[0m [32m INFO[0m [1mbackend_libinput[0m: [2msmithay::backend::libinput[0m[2m:[0m New device "event3"
[2m2025-12-25T19:30:29.830857Z[0m [32m INFO[0m [1mbackend_libinput[0m: [2msmithay::backend::libinput[0m[2m:[0m New device "event0"
[2m2025-12-25T19:30:29.830903Z[0m [32m INFO[0m [1mbackend_libinput[0m: [2msmithay::backend::libinput[0m[2m:[0m New device "event1"
[2m2025-12-25T19:30:29.830928Z[0m [32m INFO[0m [1mbackend_libinput[0m: [2msmithay::backend::libinput[0m[2m:[0m New device "event7"
[2m2025-12-25T19:30:29.830961Z[0m [32m INFO[0m [1mbackend_libinput[0m: [2msmithay::backend::libinput[0m[2m:[0m New device "event4"
[2m2025-12-25T19:30:29.831012Z[0m [32m INFO[0m [1mbackend_libinput[0m: [2msmithay::backend::libinput[0m[2m:[0m New device "event5"
[2m2025-12-25T19:30:29.831884Z[0m [32m INFO[0m [1mbackend_libinput[0m: [2msmithay::backend::libinput[0m[2m:[0m New device "event2"
[2m2025-12-25T19:30:29.879017Z[0m [32m INFO[0m [1mnew[0m: [2msmithay::output[0m[2m:[0m Creating new Output [3mname[0m[2m=[0m"" [2m[3mname[0m[2m=[0m"" [3mphysical[0m[2m=[0mPhysicalProperties { size: Size<smithay::utils::geometry::Raw> { w: 0, h: 0 }, subpixel: Unknown, make: "", model: "", serial_number: "" }[0m
[2m2025-12-25T19:30:30.026295Z[0m [34mDEBUG[0m [2msmithay::wayland::socket[0m[2m:[0m New client connected [3msocket[0m[2m=[0mSome("wayland-1") [3mclient[0m[2m=[0mUnixStream { fd: FileDesc(OwnedFd { fd: 55 }), local: "/run/user/1000/wayland-1" (pathname), peer: (unnamed) }

thread 'main' panicked at src/layout/tab_bar.rs:168:36:
called `Result::unwrap()` on an `Err` value: NonExclusive
stack backtrace:
   0: __rustc::rust_begin_unwind
             at /builddir/build/BUILD/rust-1.89.0-build/rustc-1.89.0-src/library/std/src/panicking.rs:697:5
   1: core::panicking::panic_fmt
             at /builddir/build/BUILD/rust-1.89.0-build/rustc-1.89.0-src/library/core/src/panicking.rs:75:14
   2: core::result::unwrap_failed
             at /builddir/build/BUILD/rust-1.89.0-build/rustc-1.89.0-src/library/core/src/result.rs:1761:5
   3: core::result::Result<T,E>::unwrap
             at /builddir/build/BUILD/rust-1.89.0-build/rustc-1.89.0-src/library/core/src/result.rs:1167:23
   4: niri::layout::tab_bar::render_tab_bar
             at ./src/layout/tab_bar.rs:168:36
   5: niri::layout::tiling::TilingSpace<W>::render_elements
             at ./src/layout/tiling.rs:614:32
   6: niri::layout::workspace::Workspace<W>::render_elements
             at ./src/layout/workspace.rs:1581:14
   7: niri::layout::monitor::Monitor<W>::render_elements::{{closure}}
             at ./src/layout/monitor.rs:1722:44
   8: core::ops::function::impls::<impl core::ops::function::FnOnce<A> for &mut F>::call_once
             at /builddir/build/BUILD/rust-1.89.0-build/rustc-1.89.0-src/library/core/src/ops/function.rs:305:21
   9: core::option::Option<T>::map
             at /builddir/build/BUILD/rust-1.89.0-build/rustc-1.89.0-src/library/core/src/option.rs:1146:29
  10: <core::iter::adapters::map::Map<I,F> as core::iter::traits::iterator::Iterator>::next
             at /builddir/build/BUILD/rust-1.89.0-build/rustc-1.89.0-src/library/core/src/iter/adapters/map.rs:107:26
  11: <core::iter::adapters::map::Map<I,F> as core::iter::traits::iterator::Iterator>::next
             at /builddir/build/BUILD/rust-1.89.0-build/rustc-1.89.0-src/library/core/src/iter/adapters/map.rs:107:19
  12: <alloc::vec::Vec<T> as alloc::vec::spec_from_iter_nested::SpecFromIterNested<T,I>>::from_iter
             at /builddir/build/BUILD/rust-1.89.0-build/rustc-1.89.0-src/library/alloc/src/vec/spec_from_iter_nested.rs:25:41
  13: <alloc::vec::Vec<T> as alloc::vec::spec_from_iter::SpecFromIter<T,I>>::from_iter
             at /builddir/build/BUILD/rust-1.89.0-build/rustc-1.89.0-src/library/alloc/src/vec/spec_from_iter.rs:34:9
  14: <alloc::vec::Vec<T> as core::iter::traits::collect::FromIterator<T>>::from_iter
             at /builddir/build/BUILD/rust-1.89.0-build/rustc-1.89.0-src/library/alloc/src/vec/mod.rs:3470:9
  15: niri::niri::Niri::render
             at ./src/niri.rs:4336:32
  16: niri::backend::tty::Tty::render
             at ./src/backend/tty.rs:1449:18
  17: niri::backend::Backend::render
             at ./src/backend/mod.rs:92:38
  18: niri::niri::Niri::redraw
             at ./src/niri.rs:4536:27
  19: niri::niri::Niri::redraw_queued_outputs
             at ./src/niri.rs:3787:18
  20: niri::niri::State::refresh_and_flush_clients
             at ./src/niri.rs:755:19
  21: niri::main::{{closure}}
             at ./src/main.rs:265:46
  22: calloop::loop_logic::EventLoop<Data>::run
             at /home/pablo/.cargo/registry/src/index.crates.io-1949cf8c6b5b557f/calloop-0.14.3/src/loop_logic.rs:670:13
  23: niri::main
             at ./src/main.rs:265:10
  24: core::ops::function::FnOnce::call_once
             at /builddir/build/BUILD/rust-1.89.0-build/rustc-1.89.0-src/library/core/src/ops/function.rs:250:5
note: Some details are omitted, run with `RUST_BACKTRACE=full` for a verbose backtrace.
[2m2025-12-25T19:30:31.025355Z[0m [34mDEBUG[0m [2mniri::utils::watcher[0m[2m:[0m exiting watcher thread for Regular { user_path: "/home/pablo/.config/niri/config.kdl", system_path: "/etc/niri/config.kdl" }
[2m2025-12-25T19:30:31.026370Z[0m [34mDEBUG[0m [1mbackend_session[0m:[1mclose[0m: [2msmithay::backend::session::libseat[0m[2m:[0m Closing device: OwnedFd { fd: 19 } [2m[3mtype[0m[2m=[0m"libseat"[0m [2m[3mfd[0m[2m=[0mOwnedFd { fd: 19 }[0m
[2m2025-12-25T19:30:31.027911Z[0m [34mDEBUG[0m [1mbackend_session[0m:[1mclose[0m: [2msmithay::backend::session::libseat[0m[2m:[0m Closing device: OwnedFd { fd: 20 } [2m[3mtype[0m[2m=[0m"libseat"[0m [2m[3mfd[0m[2m=[0mOwnedFd { fd: 20 }[0m
[2m2025-12-25T19:30:31.028213Z[0m [34mDEBUG[0m [1mbackend_session[0m:[1mclose[0m: [2msmithay::backend::session::libseat[0m[2m:[0m Closing device: OwnedFd { fd: 21 } [2m[3mtype[0m[2m=[0m"libseat"[0m [2m[3mfd[0m[2m=[0mOwnedFd { fd: 21 }[0m
[2m2025-12-25T19:30:31.028560Z[0m [34mDEBUG[0m [1mbackend_session[0m:[1mclose[0m: [2msmithay::backend::session::libseat[0m[2m:[0m Closing device: OwnedFd { fd: 22 } [2m[3mtype[0m[2m=[0m"libseat"[0m [2m[3mfd[0m[2m=[0mOwnedFd { fd: 22 }[0m
[2m2025-12-25T19:30:31.028936Z[0m [34mDEBUG[0m [1mbackend_session[0m:[1mclose[0m: [2msmithay::backend::session::libseat[0m[2m:[0m Closing device: OwnedFd { fd: 23 } [2m[3mtype[0m[2m=[0m"libseat"[0m [2m[3mfd[0m[2m=[0mOwnedFd { fd: 23 }[0m
[2m2025-12-25T19:30:31.029211Z[0m [34mDEBUG[0m [1mbackend_session[0m:[1mclose[0m: [2msmithay::backend::session::libseat[0m[2m:[0m Closing device: OwnedFd { fd: 24 } [2m[3mtype[0m[2m=[0m"libseat"[0m [2m[3mfd[0m[2m=[0mOwnedFd { fd: 24 }[0m
[2m2025-12-25T19:30:31.029492Z[0m [34mDEBUG[0m [1mbackend_session[0m:[1mclose[0m: [2msmithay::backend::session::libseat[0m[2m:[0m Closing device: OwnedFd { fd: 25 } [2m[3mtype[0m[2m=[0m"libseat"[0m [2m[3mfd[0m[2m=[0mOwnedFd { fd: 25 }[0m
[2m2025-12-25T19:30:31.030125Z[0m [34mDEBUG[0m [2msmithay::backend::session::libseat[0m[2m:[0m Closing seat
[2m2025-12-25T19:30:31.704122Z[0m [34mDEBUG[0m [1mdrm_device[0m:[1mdrm_atomic[0m: [2msmithay::backend::drm::device::atomic[0m[2m:[0m Device still active, trying to restore previous state [2m[3mdevice[0m[2m=[0mSome("/dev/dri/card1")[0m
[2m2025-12-25T19:30:31.704409Z[0m [31mERROR[0m [1mdrm_device[0m:[1mdrm_atomic[0m: [2msmithay::backend::drm::device::atomic[0m[2m:[0m Failed to restore previous state. Error: Permission denied (os error 13) [2m[3mdevice[0m[2m=[0mSome("/dev/dri/card1")[0m
[2m2025-12-25T19:30:31.704467Z[0m [32m INFO[0m [2msmithay::backend::drm::device::fd[0m[2m:[0m Dropping device: Some("/dev/dri/card1")
